// Vitest Snapshot v1, https://vitest.dev/guide/snapshot.html

exports[`MyAwesomeApp > Should match snapshot 1`] = `
<div>
  <h1>
    Jefferson
  </h1>
  <h3>
    Lizarazu
  </h3>
  <p>
    LOL, TFT, Summoners War
  </p>
  <h1>
    Activo
  </h1>
  <p
    style="background-color: red; border-radius: 10px; padding: 10px;"
  >
    {"zipCode":"ABC-123","country":"Colombia"}
  </p>
</div>
`;
